Last login: Fri Feb  7 04:27:38 on ttys000
[1m[7m%[27m[1m[0m                                                                                [0m[27m[24m[Jtompeakwalcher@Toms-MacBook-Pro ~ % [K[?2004h[7mdiskutil list[27m[13D[27md[27mi[27ms[27mk[27mu[27mt[27mi[27ml[27m [27ml[27mi[27ms[27mt[?2004l
/dev/disk0 (internal, physical):
   #:                       TYPE NAME                    SIZE       IDENTIFIER
   0:      GUID_partition_scheme                        *4.0 TB     disk0
   1:             Apple_APFS_ISC Container disk1         524.3 MB   disk0s1
   2:                 Apple_APFS Container disk3         4.0 TB     disk0s2
   3:        Apple_APFS_Recovery Container disk2         5.4 GB     disk0s3

/dev/disk3 (synthesized):
   #:                       TYPE NAME                    SIZE       IDENTIFIER
   0:      APFS Container Scheme -                      +4.0 TB     disk3
                                 Physical Store disk0s2
   1:                APFS Volume Macintosh HD - Data     201.3 GB   disk3s1
   2:                APFS Volume Macintosh HD            14.7 GB    disk3s3
   3:              APFS Snapshot com.apple.os.update-... 14.7 GB    disk3s3s1
   4:                APFS Volume Preboot                 13.6 GB    disk3s4
   5:                APFS Volume Recovery                2.1 GB     disk3s5
   6:                APFS Volume VM                      4.3 GB     disk3s6

/dev/disk5 (disk image):
   #:                       TYPE NAME                    SIZE       IDENTIFIER
   0:      GUID_partition_scheme                        +10.5 MB    disk5
   1:                  Apple_HFS Akai Professional MI... 10.5 MB    disk5s1

/dev/disk7 (external, physical):
   #:                       TYPE NAME                    SIZE       IDENTIFIER
   0:      GUID_partition_scheme                        *10.0 TB    disk7
   1:         Microsoft Reserved                         134.2 MB   disk7s1
   2:                 Apple_APFS Container disk9         6.0 TB     disk7s2
   3:                 Apple_APFS Container disk8         4.0 TB     disk7s3

/dev/disk8 (synthesized):
   #:                       TYPE NAME                    SIZE       IDENTIFIER
   0:      APFS Container Scheme -                      +4.0 TB     disk8
                                 Physical Store disk7s3
   1:                APFS Volume Tom Data                1.0 MB     disk8s1

/dev/disk9 (synthesized):
   #:                       TYPE NAME                    SIZE       IDENTIFIER
   0:      APFS Container Scheme -                      +6.0 TB     disk9
                                 Physical Store disk7s2
   1:                APFS Volume Tom Disk                276.5 GB   disk9s2

[1m[7m%[27m[1m[0m                                                                                [0m[27m[24m[Jtompeakwalcher@Toms-MacBook-Pro ~ % [K[?2004h[7mdiskutil eraseDisk free EMPTY /dev/disk4[27m
[K
[7mdiskutil list[27m[K[A[A[23C[27md[27mi[27ms[27mk[27mu[27mt[27mi[27ml[27m [27me[27mr[27ma[27ms[27me[27mD[27mi[27ms[27mk[27m [27mf[27mr[27me[27me[27m [27mE[27mM[27mP[27mT[27mY[27m [27m/[27md[27me[27mv[27m/[27md[27mi[27ms[27mk[27m4[2B[27md[27mi[27ms[27mk[27mu[27mt[27mi[27ml[27m [27ml[27mi[27ms[27mt[A[A[76C[1C[1C[1C[1C[1C[1C[1C 5[?2004l[2B

Unable to begin erase operation: A writable disk is required (-69772)
/dev/disk0 (internal, physical):
   #:                       TYPE NAME                    SIZE       IDENTIFIER
   0:      GUID_partition_scheme                        *4.0 TB     disk0
   1:             Apple_APFS_ISC Container disk1         524.3 MB   disk0s1
   2:                 Apple_APFS Container disk3         4.0 TB     disk0s2
   3:        Apple_APFS_Recovery Container disk2         5.4 GB     disk0s3

/dev/disk3 (synthesized):
   #:                       TYPE NAME                    SIZE       IDENTIFIER
   0:      APFS Container Scheme -                      +4.0 TB     disk3
                                 Physical Store disk0s2
   1:                APFS Volume Macintosh HD - Data     201.3 GB   disk3s1
   2:                APFS Volume Macintosh HD            14.7 GB    disk3s3
   3:              APFS Snapshot com.apple.os.update-... 14.7 GB    disk3s3s1
   4:                APFS Volume Preboot                 13.6 GB    disk3s4
   5:                APFS Volume Recovery                2.1 GB     disk3s5
   6:                APFS Volume VM                      4.3 GB     disk3s6

/dev/disk5 (disk image):
   #:                       TYPE NAME                    SIZE       IDENTIFIER
   0:      GUID_partition_scheme                        +10.5 MB    disk5
   1:                  Apple_HFS Akai Professional MI... 10.5 MB    disk5s1

/dev/disk7 (external, physical):
   #:                       TYPE NAME                    SIZE       IDENTIFIER
   0:      GUID_partition_scheme                        *10.0 TB    disk7
   1:         Microsoft Reserved                         134.2 MB   disk7s1
   2:                 Apple_APFS Container disk9         6.0 TB     disk7s2
   3:                 Apple_APFS Container disk8         4.0 TB     disk7s3

/dev/disk8 (synthesized):
   #:                       TYPE NAME                    SIZE       IDENTIFIER
   0:      APFS Container Scheme -                      +4.0 TB     disk8
                                 Physical Store disk7s3
   1:                APFS Volume Tom Data                1.0 MB     disk8s1

/dev/disk9 (synthesized):
   #:                       TYPE NAME                    SIZE       IDENTIFIER
   0:      APFS Container Scheme -                      +6.0 TB     disk9
                                 Physical Store disk7s2
   1:                APFS Volume Tom Disk                276.5 GB   disk9s2

[1m[7m%[27m[1m[0m                                                                                [0m[27m[24m[Jtompeakwalcher@Toms-MacBook-Pro ~ % [K[?2004hdiskutil eraseDisk free EMPTY /dev/disk5
[K
diskutil list[K[?2004l

Unable to begin erase operation: A writable disk is required (-69772)
/dev/disk0 (internal, physical):
   #:                       TYPE NAME                    SIZE       IDENTIFIER
   0:      GUID_partition_scheme                        *4.0 TB     disk0
   1:             Apple_APFS_ISC Container disk1         524.3 MB   disk0s1
   2:                 Apple_APFS Container disk3         4.0 TB     disk0s2
   3:        Apple_APFS_Recovery Container disk2         5.4 GB     disk0s3

/dev/disk3 (synthesized):
   #:                       TYPE NAME                    SIZE       IDENTIFIER
   0:      APFS Container Scheme -                      +4.0 TB     disk3
                                 Physical Store disk0s2
   1:                APFS Volume Macintosh HD - Data     201.3 GB   disk3s1
   2:                APFS Volume Macintosh HD            14.7 GB    disk3s3
   3:              APFS Snapshot com.apple.os.update-... 14.7 GB    disk3s3s1
   4:                APFS Volume Preboot                 13.6 GB    disk3s4
   5:                APFS Volume Recovery                2.1 GB     disk3s5
   6:                APFS Volume VM                      4.3 GB     disk3s6

/dev/disk5 (disk image):
   #:                       TYPE NAME                    SIZE       IDENTIFIER
   0:      GUID_partition_scheme                        +10.5 MB    disk5
   1:                  Apple_HFS Akai Professional MI... 10.5 MB    disk5s1

/dev/disk7 (external, physical):
   #:                       TYPE NAME                    SIZE       IDENTIFIER
   0:      GUID_partition_scheme                        *10.0 TB    disk7
   1:         Microsoft Reserved                         134.2 MB   disk7s1
   2:                 Apple_APFS Container disk9         6.0 TB     disk7s2
   3:                 Apple_APFS Container disk8         4.0 TB     disk7s3

/dev/disk8 (synthesized):
   #:                       TYPE NAME                    SIZE       IDENTIFIER
   0:      APFS Container Scheme -                      +4.0 TB     disk8
                                 Physical Store disk7s3
   1:                APFS Volume Tom Data                1.0 MB     disk8s1

/dev/disk9 (synthesized):
   #:                       TYPE NAME                    SIZE       IDENTIFIER
   0:      APFS Container Scheme -                      +6.0 TB     disk9
                                 Physical Store disk7s2
   1:                APFS Volume Tom Disk                276.5 GB   disk9s2

[1m[7m%[27m[1m[0m                                                                                [0m[27m[24m[Jtompeakwalcher@Toms-MacBook-Pro ~ % [K[?2004h[7mdiskutil list[27m[13D[27md[27mi[27ms[27mk[27mu[27mt[27mi[27ml[27m [27ml[27mi[27ms[27mt[?2004l
/dev/disk0 (internal, physical):
   #:                       TYPE NAME                    SIZE       IDENTIFIER
   0:      GUID_partition_scheme                        *4.0 TB     disk0
   1:             Apple_APFS_ISC Container disk1         524.3 MB   disk0s1
   2:                 Apple_APFS Container disk3         4.0 TB     disk0s2
   3:        Apple_APFS_Recovery Container disk2         5.4 GB     disk0s3

/dev/disk3 (synthesized):
   #:                       TYPE NAME                    SIZE       IDENTIFIER
   0:      APFS Container Scheme -                      +4.0 TB     disk3
                                 Physical Store disk0s2
   1:                APFS Volume Macintosh HD - Data     201.3 GB   disk3s1
   2:                APFS Volume Macintosh HD            14.7 GB    disk3s3
   3:              APFS Snapshot com.apple.os.update-... 14.7 GB    disk3s3s1
   4:                APFS Volume Preboot                 13.6 GB    disk3s4
   5:                APFS Volume Recovery                2.1 GB     disk3s5
   6:                APFS Volume VM                      4.3 GB     disk3s6

/dev/disk5 (disk image):
   #:                       TYPE NAME                    SIZE       IDENTIFIER
   0:      GUID_partition_scheme                        +10.5 MB    disk5
   1:                  Apple_HFS Akai Professional MI... 10.5 MB    disk5s1

/dev/disk7 (external, physical):
   #:                       TYPE NAME                    SIZE       IDENTIFIER
   0:      GUID_partition_scheme                        *10.0 TB    disk7
   1:         Microsoft Reserved                         134.2 MB   disk7s1
   2:                 Apple_APFS Container disk9         6.0 TB     disk7s2
   3:                 Apple_APFS Container disk8         4.0 TB     disk7s3

/dev/disk8 (synthesized):
   #:                       TYPE NAME                    SIZE       IDENTIFIER
   0:      APFS Container Scheme -                      +4.0 TB     disk8
                                 Physical Store disk7s3
   1:                APFS Volume Tom Data                1.0 MB     disk8s1

/dev/disk9 (synthesized):
   #:                       TYPE NAME                    SIZE       IDENTIFIER
   0:      APFS Container Scheme -                      +6.0 TB     disk9
                                 Physical Store disk7s2
   1:                APFS Volume Tom Disk                276.5 GB   disk9s2

[1m[7m%[27m[1m[0m                                                                                [0m[27m[24m[Jtompeakwalcher@Toms-MacBook-Pro ~ % [K[?2004h[7mdiskutil eraseDisk ExFAT USB64 /dev/disk4[27m[41D[27md[27mi[27ms[27mk[27mu[27mt[27mi[27ml[27m [27me[27mr[27ma[27ms[27me[27mD[27mi[27ms[27mk[27m [27mE[27mx[27mF[27mA[27mT[27m [27mU[27mS[27mB[27m6[27m4[27m [27m/[27md[27me[27mv[27m/[27md[27mi[27ms[27mk[27m4 56  5[?2004l

Unable to begin erase operation: A writable disk is required (-69772)
[1m[7m%[27m[1m[0m                                                                                [0m[27m[24m[Jtompeakwalcher@Toms-MacBook-Pro ~ % [K[?2004h